[INFO] Scanning for projects...
[INFO] 
[INFO] -----------------< com.budgetwise:budgetwise-backend >------------------
[INFO] Building BudgetWise Backend 1.0.0
[INFO]   from pom.xml
[INFO] --------------------------------[ jar ]---------------------------------
[INFO] 
[INFO] --- resources:3.3.1:resources (default-resources) @ budgetwise-backend ---
[INFO] Copying 3 resources from src\main\resources to target\classes
[INFO] Copying 1 resource from src\main\resources to target\classes
[INFO] 
[INFO] --- compiler:3.11.0:compile (default-compile) @ budgetwise-backend ---
[INFO] Changes detected - recompiling the module! :source
[INFO] Compiling 139 source files with javac [debug release 21] to target\classes
[INFO] Annotation processing is enabled because one or more processors were found
  on the class path. A future release of javac may disable annotation processing
  unless at least one processor is specified by name (-processor), or a search
  path is specified (--processor-path, --processor-module-path), or annotation
  processing is enabled explicitly (-proc:only, -proc:full).
  Use -Xlint:-options to suppress this message.
  Use -proc:none to disable annotation processing.
[INFO] /C:/budgetwise tracker/backend/src/main/java/com/budgetwise/security/RateLimitingFilter.java: C:\budgetwise tracker\backend\src\main\java\com\budgetwise\security\RateLimitingFilter.java uses or overrides a deprecated API.
[INFO] /C:/budgetwise tracker/backend/src/main/java/com/budgetwise/security/RateLimitingFilter.java: Recompile with -Xlint:deprecation for details.
[INFO] -------------------------------------------------------------
[ERROR] COMPILATION ERROR : 
[INFO] -------------------------------------------------------------
[ERROR] /C:/budgetwise tracker/backend/src/main/java/com/budgetwise/service/FinancialHealthService.java:[45,17] cannot find symbol
  symbol:   method sumExpensesByUserIdAndDateRange(java.lang.Long,java.time.LocalDate,java.time.LocalDate)
  location: variable transactionRepository of type com.budgetwise.repository.TransactionRepository
[INFO] 1 error
[INFO] -------------------------------------------------------------
[INFO] ------------------------------------------------------------------------
[INFO] BUILD FAILURE
[INFO] ------------------------------------------------------------------------
[INFO] Total time:  7.654 s
[INFO] Finished at: 2025-11-28T13:03:18+05:30
[INFO] ------------------------------------------------------------------------
[ERROR] Failed to execute goal org.apache.maven.plugins:maven-compiler-plugin:3.11.0:compile (default-compile) on project budgetwise-backend: Compilation failure
[ERROR] /C:/budgetwise tracker/backend/src/main/java/com/budgetwise/service/FinancialHealthService.java:[45,17] cannot find symbol
[ERROR]   symbol:   method sumExpensesByUserIdAndDateRange(java.lang.Long,java.time.LocalDate,java.time.LocalDate)
[ERROR]   location: variable transactionRepository of type com.budgetwise.repository.TransactionRepository
[ERROR] 
[ERROR] -> [Help 1]
[ERROR] 
[ERROR] To see the full stack trace of the errors, re-run Maven with the -e switch.
[ERROR] Re-run Maven using the -X switch to enable full debug logging.
[ERROR] 
[ERROR] For more information about the errors and possible solutions, please read the following articles:
[ERROR] [Help 1] http://cwiki.apache.org/confluence/display/MAVEN/MojoFailureException
